test1
The below are not variables per the regex from test1.json
#foo #FOO # BAR# #BAR
